    Blocking waiting for file lock on build directory
   Compiling pulse_map v0.6.1 (/home/ddsha441981/Desktop/plusmap/pulse_map)
    Finished `release` profile [optimized] target(s) in 20.24s
     Running `target/release/examples/real_world_latency_spikes`
⏱️  STATISTICAL MULTI-THREADED WRITE-PRESSURE BENCHMARK ⏱️

8 threads, 1000000 inserts/trial, 15 independent trials/cache (fresh cache each trial).

Running... this takes a while with 15 trials x 5 caches.

📊 RESULTS — mean ± stddev across 15 trials:
--------------------------------------------------------------------------------------------------------------
PulseMap     total=    114.0ms   p50=     343ns ± 14ns       p99=   1.029µs ± 33ns       max=   8.573ms ± 2.053ms  
Moka         total=   2400.6ms   p50=   1.089µs ± 9ns        p99= 499.578µs ± 26.148µs   max=  22.540ms ± 8.569ms  
QuickCache   total=    111.7ms   p50=     340ns ± 6ns        p99=   1.420µs ± 35ns       max=   3.776ms ± 1.249ms  
LRU          total=    849.7ms   p50=   1.542µs ± 516ns      p99=  67.693µs ± 5.431µs    max=   8.702ms ± 3.779ms  
Simple       total=    606.7ms   p50=     415ns ± 93ns       p99=  22.927µs ± 6.950µs    max=  41.341ms ± 12.862ms 
--------------------------------------------------------------------------------------------------------------

🔍 HEAD-TO-HEAD VERDICTS (is the difference bigger than the noise?):

PulseMap vs Moka (p99): gap = 498.549µs, combined stddev = 26.180µs
  -> PulseMap is reliably lower p99 across 15 trials (gap exceeds noise).

PulseMap vs QuickCache (p99): gap = 391ns, combined stddev = 68ns
  -> PulseMap is reliably lower p99 across 15 trials (gap exceeds noise).

PulseMap vs LRU (p99): gap = 66.663µs, combined stddev = 5.464µs
  -> PulseMap is reliably lower p99 across 15 trials (gap exceeds noise).

PulseMap vs Simple (p99): gap = 21.898µs, combined stddev = 6.983µs
  -> PulseMap is reliably lower p99 across 15 trials (gap exceeds noise).
